src/core/Bot.ts(25,7): error TS6133: 'MAX_UINT128' is declared but its value is never read.
src/core/Bot.ts(33,13): error TS6133: 'isProcessing' is declared but its value is never read.
src/core/Bot.ts(305,67): error TS6133: 'ausdNeeded' is declared but its value is never read.
src/utils/ilCalculator.ts(32,5): error TS6133: 'numBins' is declared but its value is never read.
